
[1m[30m[46m RUN [49m[39m[22m [36mv4.1.10 [39m[90mD:/samkukzi-re[39m

